#./src/main/resources/Entities.map
#Mon May 20 21:44:53 CEST 2019
trashBoxA=639
inBoxC2=670
inBoxC1=665
category15=731
category14=730
category13=729
category12=728
category11=727
inBoxA=640
category10=726
manager2=634
manager1=633
trashBoxP2=659
trashBoxP1=654
rootCategory=716
professionalRecord4=707
professionalRecord3=706
professionalRecord2=705
professionalRecord1=704
trashBoxC2=669
trashBoxC1=664
admin=632
notificationBoxM2=653
notificationBoxM1=648
club2=690
club1=689
spamBoxP2=662
spamBoxP1=657
notificationBoxA=643
applicationJob2=713
applicationJob1=712
inBoxM2=650
inBoxM1=645
outBoxP2=661
outBoxP1=656
curricula4=699
curricula3=698
curricula2=697
spamBoxC2=672
curricula1=696
spamBoxC1=667
publiciter2=636
buyedOffer2=715
publiciter1=635
buyedOffer1=714
client2=638
client1=637
configuration1=734
outBoxC2=671
outBoxC1=666
follow4=684
applicationClub4=688
follow3=683
applicationClub3=687
follow2=682
applicationClub2=686
follow1=681
applicationClub1=685
event2=736
event1=735
creditCard2=733
creditCard1=732
trashBoxM2=649
opinion2=695
trashBoxM1=644
opinion1=694
educationRecord4=703
educationRecord3=702
educationRecord2=701
educationRecord1=700
category9=725
category8=724
category7=723
category6=722
participationEvent3=693
category5=721
participationEvent2=692
category4=720
spamBoxA=642
participationEvent1=691
category3=719
category2=718
message7=680
category1=717
message6=679
message5=678
message4=677
message3=676
message2=675
message1=674
spamBoxM2=652
offer2=740
spamBoxM1=647
notificationBoxP2=663
offer1=739
notificationBoxP1=658
jobOffer2=738
jobOffer1=737
outBoxM2=651
outBoxM1=646
inBoxP2=660
inBoxP1=655
userAccount7=631
userAccount6=630
notificationBoxC2=673
userAccount5=629
notificationBoxC1=668
userAccount4=628
miscellaneousRecord4=711
userAccount3=627
miscellaneousRecord3=710
userAccount2=626
miscellaneousRecord2=709
userAccount1=625
miscellaneousRecord1=708
outBoxA=641
