#./src/main/resources/Entities.map
#Sun May 26 12:07:50 CEST 2019
trashBoxA=656
inBoxC2=687
inBoxC1=682
category15=750
category14=749
category13=748
category12=747
category11=746
inBoxA=657
category10=745
manager2=651
manager1=650
trashBoxP2=676
trashBoxP1=671
rootCategory=735
professionalRecord4=726
professionalRecord3=725
professionalRecord2=724
professionalRecord1=723
trashBoxC2=686
trashBoxC1=681
admin=649
club4=709
notificationBoxM2=670
club3=708
notificationBoxM1=665
club2=707
club1=706
spamBoxP2=679
spamBoxP1=674
socialProfile3=755
notificationBoxA=660
socialProfile2=754
applicationJob2=732
socialProfile1=753
applicationJob1=731
inBoxM2=667
inBoxM1=662
outBoxP2=678
outBoxP1=673
curricula4=718
curricula3=717
curricula2=716
spamBoxC2=689
curricula1=715
spamBoxC1=684
publiciter2=653
buyedOffer2=734
publiciter1=652
buyedOffer1=733
client2=655
client1=654
configuration1=756
outBoxC2=688
outBoxC1=683
follow4=701
applicationClub4=705
follow3=700
applicationClub3=704
follow2=699
applicationClub2=703
follow1=698
applicationClub1=702
event2=758
event1=757
creditCard2=752
creditCard1=751
trashBoxM2=666
opinion2=714
trashBoxM1=661
opinion1=713
educationRecord4=722
educationRecord3=721
educationRecord2=720
educationRecord1=719
category9=744
category8=743
category7=742
category6=741
participationEvent3=712
category5=740
participationEvent2=711
category4=739
spamBoxA=659
participationEvent1=710
category3=738
category2=737
message7=697
category1=736
message6=696
message5=695
message4=694
message3=693
message2=692
message1=691
spamBoxM2=669
offer2=762
spamBoxM1=664
notificationBoxP2=680
offer1=761
notificationBoxP1=675
jobOffer2=760
jobOffer1=759
outBoxM2=668
outBoxM1=663
inBoxP2=677
inBoxP1=672
userAccount7=648
userAccount6=647
notificationBoxC2=690
userAccount5=646
notificationBoxC1=685
userAccount4=645
miscellaneousRecord4=730
userAccount3=644
miscellaneousRecord3=729
userAccount2=643
miscellaneousRecord2=728
userAccount1=642
miscellaneousRecord1=727
outBoxA=658
